EXTRACTED adjust_bottle 900000 1
EXTRACTED adjust_bottle 900001 2
EXTRACTED adjust_bottle 900002 3
EXTRACTED adjust_bottle 900003 4
EXTRACTED adjust_bottle 900004 5
EXTRACTED adjust_bottle 900005 6
EXTRACTED adjust_bottle 900006 7
EXTRACTED adjust_bottle 900007 8
EXTRACTED adjust_bottle 900008 9
EXTRACTED adjust_bottle 900009 10
EXTRACTED adjust_bottle 900010 11
EXTRACTED adjust_bottle 900011 12
EXTRACTED adjust_bottle 900012 13
EXTRACTED adjust_bottle 900013 14
EXTRACTED adjust_bottle 900014 15
EXTRACTED handover_block 901000 16
EXTRACTED handover_block 901001 17
EXTRACTED handover_block 901002 18
EXTRACTED handover_block 901003 19
EXTRACTED handover_block 901004 20
EXTRACTED handover_block 901005 21
EXTRACTED handover_block 901006 22
EXTRACTED handover_block 901007 23
EXTRACTED handover_block 901008 24
EXTRACTED handover_block 901009 25
EXTRACTED handover_block 901010 26
EXTRACTED handover_block 901011 27
EXTRACTED handover_block 901013 28
EXTRACTED handover_block 901014 29
EXTRACTED place_object_basket 902001 30
EXTRACTED place_object_basket 902003 31
EXTRACTED place_object_basket 902004 32
EXTRACTED place_object_basket 902005 33
EXTRACTED place_object_basket 902006 34
EXTRACTED place_object_basket 902007 35
EXTRACTED place_object_basket 902012 36
EXTRACTED place_object_basket 902013 37
EXTRACTED place_object_basket 902018 38
EXTRACTED place_object_basket 902019 39
EXTRACTED place_object_basket 902020 40
EXTRACTED place_object_basket 902021 41
EXTRACTED adjust_bottle 900015 42
EXTRACTED adjust_bottle 900016 43
EXTRACTED adjust_bottle 900017 44
EXTRACTED adjust_bottle 900018 45
EXTRACTED handover_block 901016 46
EXTRACTED handover_block 901017 47
EXTRACTED handover_block 901018 48
EXTRACTED place_object_basket 902023 49
EXTRACTED adjust_bottle 900019 50
EXTRACTED handover_block 901019 51
EXTRACTED place_object_basket 902024 52
EXTRACTED handover_block 901020 53
EXTRACTED place_object_basket 902026 54
EXTRACTED handover_block 901021 55
EXTRACTED place_object_basket 902027 56
EXTRACTED place_object_basket 902028 57
EXTRACTED place_object_basket 902033 58
EXTRACTED place_object_basket 902034 59
EXTRACTED place_object_basket 902035 60
CONFIRMATION_COMPLETE {"joint_primary_passed": true, "co_primary": {"goal": {"relative_change_percent": -73.053797761501, "paired95": [-79.60444645602277, -65.71891955476663], "absolute_difference": -0.2550324670336636, "absolute95": [-0.31731348591311814, -0.19365652975738182], "per_task_relative_percent": [-68.58430912948847, -75.49984954849369, -77.78859130882744]}, "state": {"relative_change_percent": -39.113255327106096, "paired95": [-48.69986639947237, -27.30331878844739], "absolute_difference": -0.1207659812708591, "absolute95": [-0.14952562290077911, -0.08742847737389402], "per_task_relative_percent": [-9.95786055158661, -58.73724326412344, -42.699768665670746], "translation": {"relative_change_percent": -40.13063484021926, "paired95": [-49.86611690012449, -27.76309879424755], "absolute_difference": -0.2387454074813104, "absolute95": [-0.2974224978810787, -0.17197738090498588], "per_task_relative_percent": [-10.19364104409719, -59.17889178879469, -44.25398722133667]}, "gripper": {"relative_change_percent": -12.330504100925783, "paired95": [-26.115770130699378, 5.911796043928822], "absolute_difference": -0.00278655506040779, "absolute95": [-0.0056048074568460175, 0.0014927827159038852], "per_task_relative_percent": [-4.0682304759693, -19.782926506673167, -14.749795779892551]}}}}
