[2026-09-24 13:50:06,489][train][INFO] - mixed_precision = bf16 (from cfg.training.mixed_precision)
[2026-09-24 13:50:15,102][openwam.train.openwam_trainer][INFO] - Reproducible mode: cfg.project.seed=44 (rank=0)
[2026-09-24 13:50:15,351][openwam.train.utils.ckpt_model_loader][INFO] - [finetune] model config = /data02/zifanz4/openwam-experiments/endtoend-20260923/templates-main/svae/config.yaml (base) + live cfg.model (override): 0 overridden, 0 live-only, 0 ckpt-only
[2026-09-24 13:50:15,361][openwam.train.utils.ckpt_model_loader][INFO] - [resume] building architecture from self-contained ckpt dir: /data02/zifanz4/openwam-experiments/endtoend-20260923/templates-main/svae
[2026-09-24 13:50:16,767][openwam.model.video_backbone.encoder.dinov3][INFO] - DinoV3VideoEncoder.from_skeleton: instantiated from /data02/zifanz4/openwam-experiments/endtoend-20260923/templates-main/svae/dinov3 (embed_dim=768, patch_size=16, register_tokens=4, svae=on) — weights pending checkpoint load
[2026-09-24 13:50:16,939][openwam.model.video_backbone.wan.loader][INFO] - Instantiating openwam.model.video_backbone.wan.models.dit.WanModel as holder.dit (extra_kwargs keys=['has_image_input', 'patch_size', 'in_dim', 'dim', 'ffn_dim', 'freq_dim', 'text_dim', 'out_dim', 'num_heads', 'num_layers', 'eps', 'seperated_timestep', 'require_clip_embedding', 'require_vae_embedding', 'fuse_vae_embedding_in_latents'])
[2026-09-24 13:50:18,102][openwam.model.video_backbone.wan.loader][INFO] - Instantiating openwam.model.video_backbone.wan.models.text_encoder.WanTextEncoder as holder.text_encoder (extra_kwargs keys=[])
[2026-09-24 13:51:17,501][openwam.train.openwam_trainer][INFO] - Architecture: dual_system_self_attn (framework=dual_system variant=joint_self_attn)
[2026-09-24 13:51:17,506][openwam.train.openwam_trainer][INFO] - Frozen: video_backbone.text_encoder
[2026-09-24 13:51:17,506][openwam.train.openwam_trainer][INFO] - Frozen: video_backbone.video_encoder
[2026-09-24 13:51:17,516][openwam.train.utils.training_utils][INFO] - LR scheduler: cosine | total_opt_steps=6000 warmup=300 eta_min=1.00e-06
[2026-09-24 13:51:17,520][openwam.model.video_backbone.wan.component_specs][INFO] - [component_specs] video_backbone.model_path not readable (/path/to/Wan2.2-TI2V-5B); skipping deploy-asset save.
[2026-09-24 13:51:17,521][openwam.model.video_backbone.encoder.svae.reducer][INFO] - DinoV3VideoEncoder: wrote S-VAE sidecar /data02/zifanz4/openwam-experiments/endtoend-20260923/training/svae-seed44/output/2026-09-24_13-51-17/svae_config.json
[2026-09-24 13:51:17,522][openwam.model.video_backbone.encoder.dinov3][INFO] - DinoV3VideoEncoder.save_deploy_assets: copied /data02/zifanz4/openwam-experiments/assets/dinov3-study/dinov3/config.json -> /data02/zifanz4/openwam-experiments/endtoend-20260923/training/svae-seed44/output/2026-09-24_13-51-17/dinov3/config.json
[2026-09-24 13:51:17,588][openwam.train.utils.ckpt_model_loader][INFO] - [self-contained] relayed tokenizer dir: /data02/zifanz4/openwam-experiments/endtoend-20260923/templates-main/svae/tokenizer -> /data02/zifanz4/openwam-experiments/endtoend-20260923/training/svae-seed44/output/2026-09-24_13-51-17/tokenizer
[2026-09-24 13:51:17,596][openwam.train.utils.checkpointing][INFO] - Saved config to /data02/zifanz4/openwam-experiments/endtoend-20260923/training/svae-seed44/output/2026-09-24_13-51-17/config.yaml
[2026-09-24 13:51:17,597][openwam.train.utils.checkpointing][INFO] - [normalizer] Copied action stats into checkpoint dir:
  src: /data02/zifanz4/openwam-experiments/endtoend-20260923/normalization_stats.npy
  dst: /data02/zifanz4/openwam-experiments/endtoend-20260923/training/svae-seed44/output/2026-09-24_13-51-17/normalization_stats.npy
[2026-09-24 13:51:18,131][openwam.train.openwam_trainer][INFO] - Checkpoints will be saved to /data02/zifanz4/openwam-experiments/endtoend-20260923/training/svae-seed44/output/2026-09-24_13-51-17
[2026-09-24 13:51:22,692][openwam.train.openwam_trainer][INFO] - architecture wrapped (DeepSpeedEngine), device=cuda:0
[2026-09-24 13:51:23,981][openwam.model.video_backbone.encoder.dinov3][INFO] - DinoV3VideoEncoder.from_skeleton: instantiated from /data02/zifanz4/openwam-experiments/endtoend-20260923/templates-main/svae/dinov3 (embed_dim=768, patch_size=16, register_tokens=4, svae=on) — weights pending checkpoint load
[2026-09-24 13:51:24,703][openwam.train.utils.seeding][INFO] - shuffle order already follows cfg.project.seed via RandomSampler.generator (initial_seed=44); accelerate re-syncs this generator from rank 0 each epoch — nothing to wire.
[2026-09-24 13:51:25,872][openwam.train.utils.training_utils][INFO] - wandb initialized: openwam/dummy-ua5847ps
[2026-09-24 16:18:11,742][openwam.train.utils.checkpointing][INFO] - [checkpoint] Saving step 4000 -> /data02/zifanz4/openwam-experiments/endtoend-20260923/training/svae-seed44/output/2026-09-24_13-51-17/checkpoint_step_4000.safetensors
[2026-09-24 16:18:39,021][openwam.train.utils.checkpointing][INFO] - [checkpoint] Saved: /data02/zifanz4/openwam-experiments/endtoend-20260923/training/svae-seed44/output/2026-09-24_13-51-17/checkpoint_step_4000.safetensors
[2026-09-24 18:44:05,169][openwam.train.utils.checkpointing][INFO] - [checkpoint] Saving step 8000 -> /data02/zifanz4/openwam-experiments/endtoend-20260923/training/svae-seed44/output/2026-09-24_13-51-17/checkpoint_step_8000.safetensors
[2026-09-24 18:44:30,790][openwam.train.utils.checkpointing][INFO] - [checkpoint] Saved: /data02/zifanz4/openwam-experiments/endtoend-20260923/training/svae-seed44/output/2026-09-24_13-51-17/checkpoint_step_8000.safetensors
[2026-09-24 18:44:34,267][openwam.train.utils.checkpointing][INFO] - Removed old checkpoint: /data02/zifanz4/openwam-experiments/endtoend-20260923/training/svae-seed44/output/2026-09-24_13-51-17/checkpoint_step_4000.safetensors
[2026-09-24 21:07:56,435][openwam.train.utils.checkpointing][INFO] - [checkpoint] Saving step 12000 -> /data02/zifanz4/openwam-experiments/endtoend-20260923/training/svae-seed44/output/2026-09-24_13-51-17/checkpoint_step_12000.safetensors
[2026-09-24 21:08:23,284][openwam.train.utils.checkpointing][INFO] - [checkpoint] Saved: /data02/zifanz4/openwam-experiments/endtoend-20260923/training/svae-seed44/output/2026-09-24_13-51-17/checkpoint_step_12000.safetensors
[2026-09-24 21:08:26,645][openwam.train.utils.checkpointing][INFO] - Removed old checkpoint: /data02/zifanz4/openwam-experiments/endtoend-20260923/training/svae-seed44/output/2026-09-24_13-51-17/checkpoint_step_8000.safetensors
[2026-09-24 21:08:26,647][openwam.train.utils.checkpointing][INFO] - [checkpoint] Saving final step 12000 -> /data02/zifanz4/openwam-experiments/endtoend-20260923/training/svae-seed44/output/2026-09-24_13-51-17/checkpoint_step_12000.safetensors
[2026-09-24 21:09:06,583][openwam.train.utils.checkpointing][INFO] - [checkpoint] Saved final: /data02/zifanz4/openwam-experiments/endtoend-20260923/training/svae-seed44/output/2026-09-24_13-51-17/checkpoint_step_12000.safetensors
