place_object_basket 902000 expert_infeasible 0
place_object_basket 902001 accepted 1
place_object_basket 902002 expert_infeasible 1
place_object_basket 902003 accepted 2
place_object_basket 902004 accepted 3
place_object_basket 902005 accepted 4
place_object_basket 902006 accepted 5
place_object_basket 902007 accepted 6
place_object_basket 902008 expert_infeasible 6
place_object_basket 902009 expert_infeasible 6
place_object_basket 902010 expert_infeasible 6
place_object_basket 902011 expert_infeasible 6
place_object_basket 902012 accepted 7
place_object_basket 902013 accepted 8
place_object_basket 902014 expert_infeasible 8
place_object_basket 902015 expert_infeasible 8
place_object_basket 902016 expert_infeasible 8
place_object_basket 902017 expert_infeasible 8
place_object_basket 902018 accepted 9
place_object_basket 902019 accepted 10
place_object_basket 902020 accepted 11
place_object_basket 902021 accepted 12
place_object_basket 902022 expert_infeasible 12
place_object_basket 902023 accepted 13
place_object_basket 902024 accepted 14
place_object_basket 902025 expert_infeasible 14
place_object_basket 902026 accepted 15
place_object_basket 902027 accepted 16
place_object_basket 902028 accepted 17
place_object_basket 902029 expert_infeasible 17
place_object_basket 902030 expert_infeasible 17
place_object_basket 902031 expert_infeasible 17
place_object_basket 902032 expert_infeasible 17
place_object_basket 902033 accepted 18
place_object_basket 902034 accepted 19
place_object_basket 902035 accepted 20
