[2026-09-23 19:19:18,857][train][INFO] - mixed_precision = bf16 (from cfg.training.mixed_precision)
[2026-09-23 19:19:25,489][openwam.train.openwam_trainer][INFO] - Reproducible mode: cfg.project.seed=42 (rank=0)
[2026-09-23 19:19:25,898][openwam.train.utils.ckpt_model_loader][INFO] - [finetune] model config = /data02/zifanz4/openwam-experiments/endtoend-20260923/templates-main/svae/config.yaml (base) + live cfg.model (override): 0 overridden, 0 live-only, 0 ckpt-only
[2026-09-23 19:19:25,906][openwam.train.utils.ckpt_model_loader][INFO] - [resume] building architecture from self-contained ckpt dir: /data02/zifanz4/openwam-experiments/endtoend-20260923/templates-main/svae
[2026-09-23 19:19:27,172][openwam.model.video_backbone.encoder.dinov3][INFO] - DinoV3VideoEncoder.from_skeleton: instantiated from /data02/zifanz4/openwam-experiments/endtoend-20260923/templates-main/svae/dinov3 (embed_dim=768, patch_size=16, register_tokens=4, svae=on) — weights pending checkpoint load
[2026-09-23 19:19:27,334][openwam.model.video_backbone.wan.loader][INFO] - Instantiating openwam.model.video_backbone.wan.models.dit.WanModel as holder.dit (extra_kwargs keys=['has_image_input', 'patch_size', 'in_dim', 'dim', 'ffn_dim', 'freq_dim', 'text_dim', 'out_dim', 'num_heads', 'num_layers', 'eps', 'seperated_timestep', 'require_clip_embedding', 'require_vae_embedding', 'fuse_vae_embedding_in_latents'])
[2026-09-23 19:19:28,463][openwam.model.video_backbone.wan.loader][INFO] - Instantiating openwam.model.video_backbone.wan.models.text_encoder.WanTextEncoder as holder.text_encoder (extra_kwargs keys=[])
[2026-09-23 19:20:25,453][openwam.train.openwam_trainer][INFO] - Architecture: dual_system_self_attn (framework=dual_system variant=joint_self_attn)
[2026-09-23 19:20:25,457][openwam.train.openwam_trainer][INFO] - Frozen: video_backbone.text_encoder
[2026-09-23 19:20:25,458][openwam.train.openwam_trainer][INFO] - Frozen: video_backbone.video_encoder
[2026-09-23 19:20:25,466][openwam.train.utils.training_utils][INFO] - LR scheduler: cosine | total_opt_steps=6000 warmup=300 eta_min=1.00e-06
[2026-09-23 19:20:25,470][openwam.model.video_backbone.wan.component_specs][INFO] - [component_specs] video_backbone.model_path not readable (/path/to/Wan2.2-TI2V-5B); skipping deploy-asset save.
[2026-09-23 19:20:25,470][openwam.model.video_backbone.encoder.svae.reducer][INFO] - DinoV3VideoEncoder: wrote S-VAE sidecar /data02/zifanz4/openwam-experiments/endtoend-20260923/training/svae-seed42/output/2026-09-23_19-20-25/svae_config.json
[2026-09-23 19:20:25,472][openwam.model.video_backbone.encoder.dinov3][INFO] - DinoV3VideoEncoder.save_deploy_assets: copied /data02/zifanz4/openwam-experiments/assets/dinov3-study/dinov3/config.json -> /data02/zifanz4/openwam-experiments/endtoend-20260923/training/svae-seed42/output/2026-09-23_19-20-25/dinov3/config.json
[2026-09-23 19:20:25,533][openwam.train.utils.ckpt_model_loader][INFO] - [self-contained] relayed tokenizer dir: /data02/zifanz4/openwam-experiments/endtoend-20260923/templates-main/svae/tokenizer -> /data02/zifanz4/openwam-experiments/endtoend-20260923/training/svae-seed42/output/2026-09-23_19-20-25/tokenizer
[2026-09-23 19:20:25,539][openwam.train.utils.checkpointing][INFO] - Saved config to /data02/zifanz4/openwam-experiments/endtoend-20260923/training/svae-seed42/output/2026-09-23_19-20-25/config.yaml
[2026-09-23 19:20:25,540][openwam.train.utils.checkpointing][INFO] - [normalizer] Copied action stats into checkpoint dir:
  src: /data02/zifanz4/openwam-experiments/endtoend-20260923/normalization_stats.npy
  dst: /data02/zifanz4/openwam-experiments/endtoend-20260923/training/svae-seed42/output/2026-09-23_19-20-25/normalization_stats.npy
[2026-09-23 19:20:26,056][openwam.train.openwam_trainer][INFO] - Checkpoints will be saved to /data02/zifanz4/openwam-experiments/endtoend-20260923/training/svae-seed42/output/2026-09-23_19-20-25
[2026-09-23 19:20:29,409][openwam.train.openwam_trainer][INFO] - architecture wrapped (DeepSpeedEngine), device=cuda:0
[2026-09-23 19:20:30,676][openwam.model.video_backbone.encoder.dinov3][INFO] - DinoV3VideoEncoder.from_skeleton: instantiated from /data02/zifanz4/openwam-experiments/endtoend-20260923/templates-main/svae/dinov3 (embed_dim=768, patch_size=16, register_tokens=4, svae=on) — weights pending checkpoint load
[2026-09-23 19:20:31,485][openwam.train.utils.seeding][INFO] - shuffle order already follows cfg.project.seed via RandomSampler.generator (initial_seed=42); accelerate re-syncs this generator from rank 0 each epoch — nothing to wire.
[2026-09-23 19:20:32,592][openwam.train.utils.training_utils][INFO] - wandb initialized: openwam/dummy-1ekpsuli
[2026-09-23 21:40:20,710][openwam.train.utils.checkpointing][INFO] - [checkpoint] Saving step 4000 -> /data02/zifanz4/openwam-experiments/endtoend-20260923/training/svae-seed42/output/2026-09-23_19-20-25/checkpoint_step_4000.safetensors
[2026-09-23 21:40:50,826][openwam.train.utils.checkpointing][INFO] - [checkpoint] Saved: /data02/zifanz4/openwam-experiments/endtoend-20260923/training/svae-seed42/output/2026-09-23_19-20-25/checkpoint_step_4000.safetensors
[2026-09-24 00:01:18,069][openwam.train.utils.checkpointing][INFO] - [checkpoint] Saving step 8000 -> /data02/zifanz4/openwam-experiments/endtoend-20260923/training/svae-seed42/output/2026-09-23_19-20-25/checkpoint_step_8000.safetensors
[2026-09-24 00:01:44,834][openwam.train.utils.checkpointing][INFO] - [checkpoint] Saved: /data02/zifanz4/openwam-experiments/endtoend-20260923/training/svae-seed42/output/2026-09-23_19-20-25/checkpoint_step_8000.safetensors
[2026-09-24 00:01:48,278][openwam.train.utils.checkpointing][INFO] - Removed old checkpoint: /data02/zifanz4/openwam-experiments/endtoend-20260923/training/svae-seed42/output/2026-09-23_19-20-25/checkpoint_step_4000.safetensors
[2026-09-24 02:22:15,676][openwam.train.utils.checkpointing][INFO] - [checkpoint] Saving step 12000 -> /data02/zifanz4/openwam-experiments/endtoend-20260923/training/svae-seed42/output/2026-09-23_19-20-25/checkpoint_step_12000.safetensors
[2026-09-24 02:22:42,379][openwam.train.utils.checkpointing][INFO] - [checkpoint] Saved: /data02/zifanz4/openwam-experiments/endtoend-20260923/training/svae-seed42/output/2026-09-23_19-20-25/checkpoint_step_12000.safetensors
[2026-09-24 02:22:45,969][openwam.train.utils.checkpointing][INFO] - Removed old checkpoint: /data02/zifanz4/openwam-experiments/endtoend-20260923/training/svae-seed42/output/2026-09-23_19-20-25/checkpoint_step_8000.safetensors
[2026-09-24 02:22:45,970][openwam.train.utils.checkpointing][INFO] - [checkpoint] Saving final step 12000 -> /data02/zifanz4/openwam-experiments/endtoend-20260923/training/svae-seed42/output/2026-09-23_19-20-25/checkpoint_step_12000.safetensors
[2026-09-24 02:23:35,867][openwam.train.utils.checkpointing][INFO] - [checkpoint] Saved final: /data02/zifanz4/openwam-experiments/endtoend-20260923/training/svae-seed42/output/2026-09-23_19-20-25/checkpoint_step_12000.safetensors
