TRAIN_VECTORS reconstruction_only_svae42
TRAIN_VECTORS reconstruction_only_svae43
TRAIN_VECTORS reconstruction_only_svae44
TRAIN_VECTORS goal_auxiliary_svae42
TRAIN_VECTORS goal_auxiliary_svae43
TRAIN_VECTORS goal_auxiliary_svae44
READOUT_FIT state/adjust_bottle/reconstruction_only_svae42
READOUT_FIT goal/adjust_bottle/reconstruction_only_svae42
READOUT_FIT state/adjust_bottle/reconstruction_only_svae43
READOUT_FIT goal/adjust_bottle/reconstruction_only_svae43
READOUT_FIT state/adjust_bottle/reconstruction_only_svae44
READOUT_FIT goal/adjust_bottle/reconstruction_only_svae44
READOUT_FIT state/adjust_bottle/goal_auxiliary_svae42
READOUT_FIT goal/adjust_bottle/goal_auxiliary_svae42
READOUT_FIT state/adjust_bottle/goal_auxiliary_svae43
READOUT_FIT goal/adjust_bottle/goal_auxiliary_svae43
READOUT_FIT state/adjust_bottle/goal_auxiliary_svae44
READOUT_FIT goal/adjust_bottle/goal_auxiliary_svae44
READOUT_FIT state/handover_block/reconstruction_only_svae42
READOUT_FIT goal/handover_block/reconstruction_only_svae42
READOUT_FIT state/handover_block/reconstruction_only_svae43
READOUT_FIT goal/handover_block/reconstruction_only_svae43
READOUT_FIT state/handover_block/reconstruction_only_svae44
READOUT_FIT goal/handover_block/reconstruction_only_svae44
READOUT_FIT state/handover_block/goal_auxiliary_svae42
READOUT_FIT goal/handover_block/goal_auxiliary_svae42
READOUT_FIT state/handover_block/goal_auxiliary_svae43
READOUT_FIT goal/handover_block/goal_auxiliary_svae43
READOUT_FIT state/handover_block/goal_auxiliary_svae44
READOUT_FIT goal/handover_block/goal_auxiliary_svae44
READOUT_FIT state/place_object_basket/reconstruction_only_svae42
READOUT_FIT goal/place_object_basket/reconstruction_only_svae42
READOUT_FIT state/place_object_basket/reconstruction_only_svae43
READOUT_FIT goal/place_object_basket/reconstruction_only_svae43
READOUT_FIT state/place_object_basket/reconstruction_only_svae44
READOUT_FIT goal/place_object_basket/reconstruction_only_svae44
READOUT_FIT state/place_object_basket/goal_auxiliary_svae42
READOUT_FIT goal/place_object_basket/goal_auxiliary_svae42
READOUT_FIT state/place_object_basket/goal_auxiliary_svae43
READOUT_FIT goal/place_object_basket/goal_auxiliary_svae43
READOUT_FIT state/place_object_basket/goal_auxiliary_svae44
READOUT_FIT goal/place_object_basket/goal_auxiliary_svae44
TRAIN_ONLY_READOUTS_COMPLETE
