adjust_bottle 900000 accepted 1
adjust_bottle 900001 accepted 2
adjust_bottle 900002 accepted 3
adjust_bottle 900003 accepted 4
adjust_bottle 900004 accepted 5
adjust_bottle 900005 accepted 6
adjust_bottle 900006 accepted 7
adjust_bottle 900007 accepted 8
adjust_bottle 900008 accepted 9
adjust_bottle 900009 accepted 10
adjust_bottle 900010 accepted 11
adjust_bottle 900011 accepted 12
adjust_bottle 900012 accepted 13
adjust_bottle 900013 accepted 14
adjust_bottle 900014 accepted 15
adjust_bottle 900015 accepted 16
adjust_bottle 900016 accepted 17
adjust_bottle 900017 accepted 18
adjust_bottle 900018 accepted 19
adjust_bottle 900019 accepted 20
