[eval_policy_wrapper] RoboTwin commit=0aeea2d669c0 eval_policy.py sha256=8b16c766a9c40116
[eval_policy_wrapper] runtime_root=/data02/zifanz4/openwam-experiments/endtoend-20260923/scenes/place_object_basket/seed-1102059/runtime
[eval_policy_wrapper] prewarmed CUDA/Curobo before SAPIEN import
[eval_policy_wrapper] patched warp.torch compatibility namespace
/data02/zifanz4/openwam-experiments/benchmark-env/lib/python3.10/site-packages/sapien/_vulkan_tricks.py:37: UserWarning: Failed to find Vulkan ICD file. This is probably due to an incorrect or partial installation of the NVIDIA driver. SAPIEN will attempt to provide an ICD file anyway but it may not work.
  warn(
missing pytorch3d
[eval_policy_wrapper] exception in place_object_basket.play_once
Traceback (most recent call last):
  File "/data02/zifanz4/openwam-experiments/endtoend-20260923/OpenWAM/benchmarks/robotwin/eval_policy_wrapper.py", line 179, in wrapped
    return method(*args, **kwargs)
  File "/data02/zifanz4/openwam-experiments/benchmarks/RoboTwin/envs/place_object_basket.py", line 122, in play_once
    self.grasp_actor(self.basket, arm_tag=self.arm_tag.opposite, pre_grasp_dis=0.08),
  File "/data02/zifanz4/openwam-experiments/benchmarks/RoboTwin/envs/_base_task.py", line 1205, in grasp_actor
    Action(arm_tag, "move", target_pose=pre_grasp_pose),
  File "/data02/zifanz4/openwam-experiments/benchmarks/RoboTwin/envs/utils/action.py", line 76, in __init__
    assert (target_pose is not None), "target_pose cannot be None for move action."
AssertionError: target_pose cannot be None for move action.
Traceback (most recent call last):
  File "/home/zifanz4/openwam-experiments/scripts/endtoend/collect_scene.py", line 55, in worker
    info=env.play_once();ok=bool(env.plan_success and env.check_success());result['expert_plan_success']=ok
  File "/data02/zifanz4/openwam-experiments/endtoend-20260923/OpenWAM/benchmarks/robotwin/eval_policy_wrapper.py", line 179, in wrapped
    return method(*args, **kwargs)
  File "/data02/zifanz4/openwam-experiments/benchmarks/RoboTwin/envs/place_object_basket.py", line 122, in play_once
    self.grasp_actor(self.basket, arm_tag=self.arm_tag.opposite, pre_grasp_dis=0.08),
  File "/data02/zifanz4/openwam-experiments/benchmarks/RoboTwin/envs/_base_task.py", line 1205, in grasp_actor
    Action(arm_tag, "move", target_pose=pre_grasp_pose),
  File "/data02/zifanz4/openwam-experiments/benchmarks/RoboTwin/envs/utils/action.py", line 76, in __init__
    assert (target_pose is not None), "target_pose cannot be None for move action."
AssertionError: target_pose cannot be None for move action.
{"task": "place_object_basket", "seed": 1102059, "role": "expert_only_independent_confirmation", "accepted": false, "started_at": "2026-09-23T20:36:05.082829-05:00", "outcome": "infrastructure_failure", "error": "AssertionError('target_pose cannot be None for move action.')", "traceback": "Traceback (most recent call last):\n  File \"/home/zifanz4/openwam-experiments/scripts/endtoend/collect_scene.py\", line 55, in worker\n    info=env.play_once();ok=bool(env.plan_success and env.check_success());result['expert_plan_success']=ok\n  File \"/data02/zifanz4/openwam-experiments/endtoend-20260923/OpenWAM/benchmarks/robotwin/eval_policy_wrapper.py\", line 179, in wrapped\n    return method(*args, **kwargs)\n  File \"/data02/zifanz4/openwam-experiments/benchmarks/RoboTwin/envs/place_object_basket.py\", line 122, in play_once\n    self.grasp_actor(self.basket, arm_tag=self.arm_tag.opposite, pre_grasp_dis=0.08),\n  File \"/data02/zifanz4/openwam-experiments/benchmarks/RoboTwin/envs/_base_task.py\", line 1205, in grasp_actor\n    Action(arm_tag, \"move\", target_pose=pre_grasp_pose),\n  File \"/data02/zifanz4/openwam-experiments/benchmarks/RoboTwin/envs/utils/action.py\", line 76, in __init__\n    assert (target_pose is not None), \"target_pose cannot be None for move action.\"\nAssertionError: target_pose cannot be None for move action.\n", "elapsed_seconds": 41.334663700312376}
