handover_block 901000 accepted 1
handover_block 901001 accepted 2
handover_block 901002 accepted 3
handover_block 901003 accepted 4
handover_block 901004 accepted 5
handover_block 901005 accepted 6
handover_block 901006 accepted 7
handover_block 901007 accepted 8
handover_block 901008 accepted 9
handover_block 901009 accepted 10
handover_block 901010 accepted 11
handover_block 901011 accepted 12
handover_block 901012 expert_infeasible 12
handover_block 901013 accepted 13
handover_block 901014 accepted 14
handover_block 901015 expert_infeasible 14
handover_block 901016 accepted 15
handover_block 901017 accepted 16
handover_block 901018 accepted 17
handover_block 901019 accepted 18
handover_block 901020 accepted 19
handover_block 901021 accepted 20
