[2026-09-23 19:19:18,814][train][INFO] - mixed_precision = bf16 (from cfg.training.mixed_precision)
[2026-09-23 19:19:25,420][openwam.train.openwam_trainer][INFO] - Reproducible mode: cfg.project.seed=43 (rank=0)
[2026-09-23 19:19:25,822][openwam.train.utils.ckpt_model_loader][INFO] - [finetune] model config = /data02/zifanz4/openwam-experiments/endtoend-20260923/templates-main/wan/config.yaml (base) + live cfg.model (override): 0 overridden, 0 live-only, 0 ckpt-only
[2026-09-23 19:19:25,830][openwam.train.utils.ckpt_model_loader][INFO] - [resume] building architecture from self-contained ckpt dir: /data02/zifanz4/openwam-experiments/endtoend-20260923/templates-main/wan
[2026-09-23 19:19:29,790][openwam.model.video_backbone.encoder.wan22_vae][INFO] - WanVideoVAEEncoder.from_skeleton: WanVideoVAE38 instantiated (z_dim=48, upsample=16) — weights pending checkpoint load
[2026-09-23 19:19:29,791][openwam.model.video_backbone.wan.loader][INFO] - Instantiating openwam.model.video_backbone.wan.models.dit.WanModel as holder.dit (extra_kwargs keys=['has_image_input', 'patch_size', 'in_dim', 'dim', 'ffn_dim', 'freq_dim', 'text_dim', 'out_dim', 'num_heads', 'num_layers', 'eps', 'seperated_timestep', 'require_clip_embedding', 'require_vae_embedding', 'fuse_vae_embedding_in_latents'])
[2026-09-23 19:19:30,822][openwam.model.video_backbone.wan.loader][INFO] - Instantiating openwam.model.video_backbone.wan.models.text_encoder.WanTextEncoder as holder.text_encoder (extra_kwargs keys=[])
[2026-09-23 19:20:27,825][openwam.model.video_backbone.encoder.wan22_vae][INFO] - WanVideoVAEEncoder loaded /data02/zifanz4/openwam-experiments/assets/wan22-vae-baseline/Wan2.2_VAE.pth (class=WanVideoVAE38, z_dim=48)
[2026-09-23 19:20:28,553][openwam.train.openwam_trainer][INFO] - Architecture: dual_system_self_attn (framework=dual_system variant=joint_self_attn)
[2026-09-23 19:20:28,556][openwam.train.openwam_trainer][INFO] - Frozen: video_backbone.text_encoder
[2026-09-23 19:20:28,556][openwam.train.openwam_trainer][INFO] - Frozen: video_backbone.video_encoder
[2026-09-23 19:20:28,565][openwam.train.utils.training_utils][INFO] - LR scheduler: cosine | total_opt_steps=6000 warmup=300 eta_min=1.00e-06
[2026-09-23 19:20:28,576][openwam.model.video_backbone.wan.component_specs][INFO] - [component_specs] video_backbone.model_path not readable (/path/to/Wan2.2-TI2V-5B); skipping deploy-asset save.
[2026-09-23 19:20:28,631][openwam.train.utils.ckpt_model_loader][INFO] - [self-contained] relayed tokenizer dir: /data02/zifanz4/openwam-experiments/endtoend-20260923/templates-main/wan/tokenizer -> /data02/zifanz4/openwam-experiments/endtoend-20260923/training/wan-seed43/output/2026-09-23_19-20-28/tokenizer
[2026-09-23 19:20:28,637][openwam.train.utils.checkpointing][INFO] - Saved config to /data02/zifanz4/openwam-experiments/endtoend-20260923/training/wan-seed43/output/2026-09-23_19-20-28/config.yaml
[2026-09-23 19:20:28,638][openwam.train.utils.checkpointing][INFO] - [normalizer] Copied action stats into checkpoint dir:
  src: /data02/zifanz4/openwam-experiments/endtoend-20260923/normalization_stats.npy
  dst: /data02/zifanz4/openwam-experiments/endtoend-20260923/training/wan-seed43/output/2026-09-23_19-20-28/normalization_stats.npy
[2026-09-23 19:20:29,017][openwam.train.openwam_trainer][INFO] - Checkpoints will be saved to /data02/zifanz4/openwam-experiments/endtoend-20260923/training/wan-seed43/output/2026-09-23_19-20-28
[2026-09-23 19:20:31,824][openwam.train.openwam_trainer][INFO] - architecture wrapped (DeepSpeedEngine), device=cuda:0
[2026-09-23 19:20:35,383][openwam.model.video_backbone.encoder.wan22_vae][INFO] - WanVideoVAEEncoder.from_skeleton: WanVideoVAE38 instantiated (z_dim=48, upsample=16) — weights pending checkpoint load
[2026-09-23 19:20:36,694][openwam.train.utils.seeding][INFO] - shuffle order already follows cfg.project.seed via RandomSampler.generator (initial_seed=43); accelerate re-syncs this generator from rank 0 each epoch — nothing to wire.
[2026-09-23 19:20:37,822][openwam.train.utils.training_utils][INFO] - wandb initialized: openwam/dummy-6v34a1nv
[2026-09-23 21:48:43,881][openwam.train.utils.checkpointing][INFO] - [checkpoint] Saving step 4000 -> /data02/zifanz4/openwam-experiments/endtoend-20260923/training/wan-seed43/output/2026-09-23_19-20-28/checkpoint_step_4000.safetensors
[2026-09-23 21:49:12,776][openwam.train.utils.checkpointing][INFO] - [checkpoint] Saved: /data02/zifanz4/openwam-experiments/endtoend-20260923/training/wan-seed43/output/2026-09-23_19-20-28/checkpoint_step_4000.safetensors
[2026-09-24 00:18:00,829][openwam.train.utils.checkpointing][INFO] - [checkpoint] Saving step 8000 -> /data02/zifanz4/openwam-experiments/endtoend-20260923/training/wan-seed43/output/2026-09-23_19-20-28/checkpoint_step_8000.safetensors
[2026-09-24 00:18:31,598][openwam.train.utils.checkpointing][INFO] - [checkpoint] Saved: /data02/zifanz4/openwam-experiments/endtoend-20260923/training/wan-seed43/output/2026-09-23_19-20-28/checkpoint_step_8000.safetensors
[2026-09-24 00:18:35,287][openwam.train.utils.checkpointing][INFO] - Removed old checkpoint: /data02/zifanz4/openwam-experiments/endtoend-20260923/training/wan-seed43/output/2026-09-23_19-20-28/checkpoint_step_4000.safetensors
[2026-09-24 02:49:49,692][openwam.train.utils.checkpointing][INFO] - [checkpoint] Saving step 12000 -> /data02/zifanz4/openwam-experiments/endtoend-20260923/training/wan-seed43/output/2026-09-23_19-20-28/checkpoint_step_12000.safetensors
[2026-09-24 02:50:20,254][openwam.train.utils.checkpointing][INFO] - [checkpoint] Saved: /data02/zifanz4/openwam-experiments/endtoend-20260923/training/wan-seed43/output/2026-09-23_19-20-28/checkpoint_step_12000.safetensors
[2026-09-24 02:50:24,415][openwam.train.utils.checkpointing][INFO] - Removed old checkpoint: /data02/zifanz4/openwam-experiments/endtoend-20260923/training/wan-seed43/output/2026-09-23_19-20-28/checkpoint_step_8000.safetensors
[2026-09-24 02:50:24,417][openwam.train.utils.checkpointing][INFO] - [checkpoint] Saving final step 12000 -> /data02/zifanz4/openwam-experiments/endtoend-20260923/training/wan-seed43/output/2026-09-23_19-20-28/checkpoint_step_12000.safetensors
[2026-09-24 02:51:09,633][openwam.train.utils.checkpointing][INFO] - [checkpoint] Saved final: /data02/zifanz4/openwam-experiments/endtoend-20260923/training/wan-seed43/output/2026-09-23_19-20-28/checkpoint_step_12000.safetensors
