ENCODED 1 /1155
ENCODED 51 /1155
ENCODED 101 /1155
ENCODED 151 /1155
ENCODED 201 /1155
ENCODED 251 /1155
ENCODED 301 /1155
ENCODED 351 /1155
ENCODED 401 /1155
ENCODED 451 /1155
ENCODED 501 /1155
ENCODED 551 /1155
ENCODED 601 /1155
ENCODED 651 /1155
ENCODED 701 /1155
ENCODED 751 /1155
ENCODED 801 /1155
ENCODED 851 /1155
ENCODED 901 /1155
ENCODED 951 /1155
ENCODED 1001 /1155
ENCODED 1051 /1155
ENCODED 1101 /1155
ENCODED 1151 /1155
FIT_START Wan48_native_scale adjust_bottle (2940, 208)
CV_FOLD 0
CV_FOLD 1
CV_FOLD 2
CV_FOLD 3
CV_FOLD 4
FIT_END Wan48_native_scale adjust_bottle
FIT_START Wan48_native_scale handover_block (2940, 208)
CV_FOLD 0
CV_FOLD 1
CV_FOLD 2
CV_FOLD 3
CV_FOLD 4
FIT_END Wan48_native_scale handover_block
FIT_START Wan48_native_scale place_object_basket (2940, 208)
CV_FOLD 0
CV_FOLD 1
CV_FOLD 2
CV_FOLD 3
CV_FOLD 4
FIT_END Wan48_native_scale place_object_basket
FIT_START Wan48_per_token_layernorm adjust_bottle (2940, 208)
CV_FOLD 0
CV_FOLD 1
CV_FOLD 2
CV_FOLD 3
CV_FOLD 4
FIT_END Wan48_per_token_layernorm adjust_bottle
FIT_START Wan48_per_token_layernorm handover_block (2940, 208)
CV_FOLD 0
CV_FOLD 1
CV_FOLD 2
CV_FOLD 3
CV_FOLD 4
FIT_END Wan48_per_token_layernorm handover_block
FIT_START Wan48_per_token_layernorm place_object_basket (2940, 208)
CV_FOLD 0
CV_FOLD 1
CV_FOLD 2
CV_FOLD 3
CV_FOLD 4
FIT_END Wan48_per_token_layernorm place_object_basket
FIT_START L12_raw adjust_bottle (2940, 3088)
CV_FOLD 0
CV_FOLD 1
CV_FOLD 2
CV_FOLD 3
CV_FOLD 4
FIT_END L12_raw adjust_bottle
FIT_START L12_raw handover_block (2940, 3088)
CV_FOLD 0
CV_FOLD 1
CV_FOLD 2
CV_FOLD 3
CV_FOLD 4
FIT_END L12_raw handover_block
FIT_START L12_raw place_object_basket (2940, 3088)
CV_FOLD 0
CV_FOLD 1
CV_FOLD 2
CV_FOLD 3
CV_FOLD 4
FIT_END L12_raw place_object_basket
FIT_START L12_pca adjust_bottle (2940, 208)
CV_FOLD 0
CV_FOLD 1
CV_FOLD 2
CV_FOLD 3
CV_FOLD 4
FIT_END L12_pca adjust_bottle
FIT_START L12_pca handover_block (2940, 208)
CV_FOLD 0
CV_FOLD 1
CV_FOLD 2
CV_FOLD 3
CV_FOLD 4
FIT_END L12_pca handover_block
FIT_START L12_pca place_object_basket (2940, 208)
CV_FOLD 0
CV_FOLD 1
CV_FOLD 2
CV_FOLD 3
CV_FOLD 4
FIT_END L12_pca place_object_basket
FIT_START L12_svae42 adjust_bottle (2940, 208)
CV_FOLD 0
CV_FOLD 1
CV_FOLD 2
CV_FOLD 3
CV_FOLD 4
FIT_END L12_svae42 adjust_bottle
FIT_START L12_svae42 handover_block (2940, 208)
CV_FOLD 0
CV_FOLD 1
CV_FOLD 2
CV_FOLD 3
CV_FOLD 4
FIT_END L12_svae42 handover_block
FIT_START L12_svae42 place_object_basket (2940, 208)
CV_FOLD 0
CV_FOLD 1
CV_FOLD 2
CV_FOLD 3
CV_FOLD 4
FIT_END L12_svae42 place_object_basket
FIT_START L12_svae43 adjust_bottle (2940, 208)
CV_FOLD 0
CV_FOLD 1
CV_FOLD 2
CV_FOLD 3
CV_FOLD 4
FIT_END L12_svae43 adjust_bottle
FIT_START L12_svae43 handover_block (2940, 208)
CV_FOLD 0
CV_FOLD 1
CV_FOLD 2
CV_FOLD 3
CV_FOLD 4
FIT_END L12_svae43 handover_block
FIT_START L12_svae43 place_object_basket (2940, 208)
CV_FOLD 0
CV_FOLD 1
CV_FOLD 2
CV_FOLD 3
CV_FOLD 4
FIT_END L12_svae43 place_object_basket
FIT_START L12_svae44 adjust_bottle (2940, 208)
CV_FOLD 0
CV_FOLD 1
CV_FOLD 2
CV_FOLD 3
CV_FOLD 4
FIT_END L12_svae44 adjust_bottle
FIT_START L12_svae44 handover_block (2940, 208)
CV_FOLD 0
CV_FOLD 1
CV_FOLD 2
CV_FOLD 3
CV_FOLD 4
FIT_END L12_svae44 handover_block
FIT_START L12_svae44 place_object_basket (2940, 208)
CV_FOLD 0
CV_FOLD 1
CV_FOLD 2
CV_FOLD 3
CV_FOLD 4
FIT_END L12_svae44 place_object_basket
COMPLETE {"clean": {"Wan48_native_scale": {"noise_adapted_E": 0.31114385567654673, "original_clean_trained_E": 0.29437589148988635, "noise_adapted_per_task_E": [0.15776998491920666, 0.3529936722238037, 0.4226679098866299], "noise_adapted_per_task_groups": [[0.2979133196517689, 0.017626650186644395], [0.6994879884927765, 0.006499355954830766], [0.8068793280050048, 0.03845649176825493]]}, "Wan48_per_token_layernorm": {"noise_adapted_E": 0.31788914260864415, "original_clean_trained_E": 0.3006841021740764, "noise_adapted_per_task_E": [0.1625522436316916, 0.35678647946601877, 0.4343287047282221], "noise_adapted_per_task_groups": [[0.3066006734348872, 0.018503813828496044], [0.7068666317173159, 0.006706327214721535], [0.8283504698275568, 0.0403069396288874]]}, "DINO_raw768": {"noise_adapted_E": 0.1381454568667634, "original_clean_trained_E": 0.2169490608518404, "noise_adapted_per_task_E": [0.10502153137385543, 0.07873941707319315, 0.23067542215324172], "noise_adapted_per_task_groups": [[0.1718632205874399, 0.03817984216027091], [0.14393431419267952, 0.013544519953706789], [0.41079534296178055, 0.050555501344702936]]}, "DINO_PCA48": {"noise_adapted_E": 0.17470790507763775, "original_clean_trained_E": 0.1857220146173439, "noise_adapted_per_task_E": [0.11305932857273904, 0.11126902935025904, 0.2997953573099152], "noise_adapted_per_task_groups": [[0.20941020214694492, 0.016708454998533174], [0.21775194307155785, 0.004786115628960261], [0.5620460832652124, 0.037544631354617955]]}, "DINO_SVAE48_seed_mean": {"noise_adapted_E": 0.17198890358033064, "original_clean_trained_E": 0.1821014560097759, "noise_adapted_per_task_E": [0.10952964973282717, 0.10943142062643445, 0.2970056403817303], "noise_adapted_per_task_groups": [[0.20250705423986265, 0.016552245225791764], [0.21397220759892868, 0.004890633653940179], [0.556769052092329, 0.03724222867113158]]}}, "noise0.10": {"Wan48_native_scale": {"noise_adapted_E": 0.30865689905049776, "original_clean_trained_E": 37.338428470780386, "noise_adapted_per_task_E": [0.16879686946949038, 0.3315666294466242, 0.4256071982353786], "noise_adapted_per_task_groups": [[0.31983417957323457, 0.017759559365746098], [0.6570118651859321, 0.00612139370731637], [0.8113666908232288, 0.039847705647528625]]}, "Wan48_per_token_layernorm": {"noise_adapted_E": 0.3070480591418266, "original_clean_trained_E": 26.537728491945256, "noise_adapted_per_task_E": [0.17023764649923762, 0.3290575974721778, 0.4218489334540644], "noise_adapted_per_task_groups": [[0.32262330595950645, 0.01785198703896884], [0.6521130226715646, 0.006002172272791141], [0.8037754711009735, 0.039922395807155175]]}, "DINO_raw768": {"noise_adapted_E": 0.13771881250502999, "original_clean_trained_E": 0.794317808772116, "noise_adapted_per_task_E": [0.10665758615168171, 0.08774742930234809, 0.2187514220610601], "noise_adapted_per_task_groups": [[0.17737375466071753, 0.0359414176426459], [0.1623830754132684, 0.01311178319142781], [0.3821001776291862, 0.055402666492934]]}, "DINO_PCA48": {"noise_adapted_E": 0.17321238794805385, "original_clean_trained_E": 0.3682424414885596, "noise_adapted_per_task_E": [0.10229972690892548, 0.12168796403518149, 0.2956494729000544], "noise_adapted_per_task_groups": [[0.18722633149629547, 0.017373122321555523], [0.23841844175626986, 0.004957486314093173], [0.5567526613889979, 0.03454628441111093]]}, "DINO_SVAE48_seed_mean": {"noise_adapted_E": 0.17396454394350305, "original_clean_trained_E": 0.3736288181810021, "noise_adapted_per_task_E": [0.10526548965450319, 0.12133523830896605, 0.2952929038670399], "noise_adapted_per_task_groups": [[0.19337027705390203, 0.017160702255104347], [0.23748205245814386, 0.005188424159788247], [0.5562976873020199, 0.03428812043205988]]}}, "noise0.04": {"Wan48_native_scale": {"noise_adapted_E": 0.3018082037176632, "original_clean_trained_E": 24.022505180673136, "noise_adapted_per_task_E": [0.1560230182686972, 0.3358632122573577, 0.41353838062693454], "noise_adapted_per_task_groups": [[0.2941937160232134, 0.01785232051418107], [0.6656267487818455, 0.006099675732870246], [0.7876273555376733, 0.03944940571619614]]}, "Wan48_per_token_layernorm": {"noise_adapted_E": 0.30217052817175905, "original_clean_trained_E": 16.647767312411172, "noise_adapted_per_task_E": [0.15901718637855825, 0.33575911125920027, 0.41173528687751854], "noise_adapted_per_task_groups": [[0.2998134922160734, 0.018220880541043143], [0.6654942991502193, 0.006023923368181276], [0.7838243315733233, 0.03964624218171365]]}, "DINO_raw768": {"noise_adapted_E": 0.1264761562269076, "original_clean_trained_E": 0.4469745182281306, "noise_adapted_per_task_E": [0.09574861998673741, 0.07393985566246052, 0.20973999303152485], "noise_adapted_per_task_groups": [[0.15927297701687762, 0.032224262956597166], [0.13667630233850067, 0.01120340898642039], [0.37188040718419957, 0.04759957887885009]]}, "DINO_PCA48": {"noise_adapted_E": 0.15860021463846868, "original_clean_trained_E": 0.273561180759714, "noise_adapted_per_task_E": [0.10129958506726341, 0.10465042705557322, 0.2698506317925694], "noise_adapted_per_task_groups": [[0.18618592735509262, 0.01641324277943423], [0.2045059730715184, 0.0047948810396280525], [0.5044671446902071, 0.035234118894931506]]}, "DINO_SVAE48_seed_mean": {"noise_adapted_E": 0.16004340115022256, "original_clean_trained_E": 0.273057249404283, "noise_adapted_per_task_E": [0.1015895555422307, 0.10502901324325328, 0.2735116346651837], "noise_adapted_per_task_groups": [[0.1870980700247436, 0.01608104105971781], [0.20514725660323302, 0.004910769883273538], [0.5136279990754586, 0.03339527025490892]]}}}
